******************************************************************************
                  TI ARM Linker PC v20.2.7                     
******************************************************************************
>> Linked Mon Dec  5 10:58:17 2022

OUTPUT FILE NAME:   <SLIQ_Project.out>
ENTRY POINT SYMBOL: "_c_int00_noargs"  address: 000022b5


MEMORY CONFIGURATION

         name            origin    length      used     unused   attr    fill
----------------------  --------  ---------  --------  --------  ----  --------
  MAIN                  00000000   00040000  000025b0  0003da50  R  X
  INFO                  00200000   00004000  00000000  00004000  R  X
  SRAM_CODE             01000000   00010000  00000618  0000f9e8  RW X
  SRAM_DATA             20000000   00010000  00000618  0000f9e8  RW  


SEGMENT ALLOCATION MAP

run origin  load origin   length   init length attrs members
----------  ----------- ---------- ----------- ----- -------
00000000    00000000    000025b4   000025b4    r-x
  00000000    00000000    000000e4   000000e4    r-- .intvecs
  000000e4    000000e4    000022c8   000022c8    r-x .text
  000023b0    000023b0    000001e0   000001e0    r-- .const
  00002590    00002590    00000024   00000024    r-- .cinit
20000000    20000000    00000418   00000000    rw-
  20000000    20000000    00000400   00000000    rw- .sysmem
  20000400    20000400    00000018   00000000    rw- .data
2000fe00    2000fe00    00000200   00000000    rw-
  2000fe00    2000fe00    00000200   00000000    rw- .stack


SECTION ALLOCATION MAP

 output                                  attributes/
section   page    origin      length       input sections
--------  ----  ----------  ----------   ----------------
.intvecs   0    00000000    000000e4     
                  00000000    000000e4     startup_msp432p401r_ccs.obj (.intvecs:retain)

.text      0    000000e4    000022c8     
                  000000e4    00000a6c     main.obj (.text)
                  00000b50    000009d0     rtsv7M4_T_le_v4SPD16_eabi.lib : e_pow.c.obj (.text:pow)
                  00001520    00000334     system_msp432p401r.obj (.text)
                  00001854    000001b6     rtsv7M4_T_le_v4SPD16_eabi.lib : fd_add_t2.asm.obj (.text)
                  00001a0a    00000002                                   : _lock.c.obj (.text:_nop)
                  00001a0c    00000158                                   : e_sqrt.c.obj (.text:sqrt)
                  00001b64    00000136                                   : fd_div_t2.asm.obj (.text)
                  00001c9a    00000002     --HOLE-- [fill = 0]
                  00001c9c    00000110                                   : s_scalbn.c.obj (.text:scalbn)
                  00001dac    00000100                                   : memory.c.obj (.text:aligned_alloc)
                  00001eac    000000fc                                   : fd_mul_t2.asm.obj (.text)
                  00001fa8    0000009c                                   : memcpy_t2.asm.obj (.text)
                  00002044    00000086                                   : fd_cmp_t2.asm.obj (.text:__aeabi_cdcmple)
                  000020ca    00000086                                   : fd_cmp_t2.asm.obj (.text:__aeabi_cdrcmple)
                  00002150    00000070                                   : memory.c.obj (.text:split)
                  000021c0    00000068                                   : copy_decompress_lzss.c.obj (.text:decompress:lzss:__TI_decompress_lzss)
                  00002228    00000048                                   : fd_toi_t2.asm.obj (.text)
                  00002270    00000044                                   : autoinit.c.obj (.text:__TI_auto_init_nobinit_nopinit:__TI_auto_init_nobinit_nopinit)
                  000022b4    00000034                                   : boot_cortex_m.c.obj (.text:_c_int00_noargs:_c_int00_noargs)
                  000022e8    0000002e                                   : i_tofd_t2.asm.obj (.text)
                  00002316    00000002     --HOLE-- [fill = 0]
                  00002318    00000028                                   : memory.c.obj (.text:free_list_insert)
                  00002340    0000001c                                   : memory.c.obj (.text:free_list_remove)
                  0000235c    0000001a                                   : s_copysign.c.obj (.text:copysign)
                  00002376    0000000e                                   : copy_decompress_none.c.obj (.text:decompress:none:__TI_decompress_none)
                  00002384    0000000e     startup_msp432p401r_ccs.obj (.text)
                  00002392    00000002     --HOLE-- [fill = 0]
                  00002394    00000008     rtsv7M4_T_le_v4SPD16_eabi.lib : errno.c.obj (.text:__aeabi_errno_addr)
                  0000239c    00000008                                   : memory.c.obj (.text:malloc)
                  000023a4    00000004                                   : pre_init.c.obj (.text:_system_pre_init)
                  000023a8    00000004                                   : exit.c.obj (.text:abort:abort)

.const     0    000023b0    000001e0     
                  000023b0    00000190     main.obj (.const:$P$T1$2)
                  00002540    00000030     rtsv7M4_T_le_v4SPD16_eabi.lib : e_pow.c.obj (.const:$O1$$)
                  00002570    00000020     main.obj (.const:$P$T0$1)

.cinit     0    00002590    00000024     
                  00002590    00000011     (.cinit..data.load) [load image, compression = lzss]
                  000025a1    00000003     --HOLE-- [fill = 0]
                  000025a4    00000008     (__TI_handler_table)
                  000025ac    00000008     (__TI_cinit_table)

.init_array 
*          0    00000000    00000000     UNINITIALIZED

.binit     0    00000000    00000000     

.data      0    20000400    00000018     UNINITIALIZED
                  20000400    00000008     rtsv7M4_T_le_v4SPD16_eabi.lib : _lock.c.obj (.data:$O1$$)
                  20000408    00000008                                   : memory.c.obj (.data:$O1$$)
                  20000410    00000004                                   : errno.c.obj (.data)
                  20000414    00000004     system_msp432p401r.obj (.data)

.sysmem    0    20000000    00000400     UNINITIALIZED
                  20000000    00000010     rtsv7M4_T_le_v4SPD16_eabi.lib : memory.c.obj (.sysmem)
                  20000010    000003f0     --HOLE--

.stack     0    2000fe00    00000200     UNINITIALIZED
                  2000fe00    00000004     rtsv7M4_T_le_v4SPD16_eabi.lib : boot_cortex_m.c.obj (.stack)
                  2000fe04    000001fc     --HOLE--

__llvm_prf_cnts 
*          0    20000000    00000000     UNINITIALIZED

MODULE SUMMARY

       Module                        code   ro data   rw data
       ------                        ----   -------   -------
    .\
       main.obj                      2668   432       0      
       system_msp432p401r.obj        820    0         8      
       startup_msp432p401r_ccs.obj   14     228       0      
    +--+-----------------------------+------+---------+---------+
       Total:                        3502   660       8      
                                                             
    C:\ti\ccs1210\ccs\tools\compiler\ti-cgt-arm_20.2.7.LTS\lib\rtsv7M4_T_le_v4SPD16_eabi.lib
       e_pow.c.obj                   2512   48        0      
       memory.c.obj                  444    0         16     
       fd_add_t2.asm.obj             438    0         0      
       e_sqrt.c.obj                  344    0         0      
       fd_div_t2.asm.obj             310    0         0      
       s_scalbn.c.obj                272    0         0      
       fd_cmp_t2.asm.obj             268    0         0      
       fd_mul_t2.asm.obj             252    0         0      
       memcpy_t2.asm.obj             156    0         0      
       copy_decompress_lzss.c.obj    104    0         0      
       fd_toi_t2.asm.obj             72     0         0      
       autoinit.c.obj                68     0         0      
       boot_cortex_m.c.obj           52     0         0      
       i_tofd_t2.asm.obj             46     0         0      
       s_copysign.c.obj              26     0         0      
       _lock.c.obj                   2      0         16     
       errno.c.obj                   8      0         8      
       copy_decompress_none.c.obj    14     0         0      
       exit.c.obj                    4      0         0      
       pre_init.c.obj                4      0         0      
    +--+-----------------------------+------+---------+---------+
       Total:                        5396   48        40     
                                                             
       Heap:                         0      0         2048   
       Stack:                        0      0         1024   
       Linker Generated:             0      33        0      
    +--+-----------------------------+------+---------+---------+
       Grand Total:                  8898   741       3120   


LINKER GENERATED COPY TABLES

__TI_cinit_table @ 000025ac records: 1, size/record: 8, table size: 8
	.data: load addr=00002590, load size=00000011 bytes, run addr=20000400, run size=00000018 bytes, compression=lzss


LINKER GENERATED HANDLER TABLE

__TI_handler_table @ 000025a4 records: 2, size/record: 4, table size: 8
	index: 0, handler: __TI_decompress_lzss
	index: 1, handler: __TI_decompress_none


GLOBAL SYMBOLS: SORTED ALPHABETICALLY BY Name 

address   name                          
-------   ----                          
00002391  ADC14_IRQHandler              
00002391  AES256_IRQHandler             
00002391  BusFault_Handler              
000023a9  C$$EXIT                       
00002391  COMP_E0_IRQHandler            
00002391  COMP_E1_IRQHandler            
00002391  CS_IRQHandler                 
00002391  DMA_ERR_IRQHandler            
00002391  DMA_INT0_IRQHandler           
00002391  DMA_INT1_IRQHandler           
00002391  DMA_INT2_IRQHandler           
00002391  DMA_INT3_IRQHandler           
00002391  DebugMon_Handler              
00002391  Default_Handler               
00002391  EUSCIA0_IRQHandler            
00002391  EUSCIA1_IRQHandler            
00002391  EUSCIA2_IRQHandler            
00002391  EUSCIA3_IRQHandler            
00002391  EUSCIB0_IRQHandler            
00002391  EUSCIB1_IRQHandler            
00002391  EUSCIB2_IRQHandler            
00002391  EUSCIB3_IRQHandler            
00002391  FLCTL_IRQHandler              
00002391  FPU_IRQHandler                
00002391  HardFault_Handler             
00002391  MemManage_Handler             
00002391  NMI_Handler                   
00002391  PCM_IRQHandler                
00002391  PORT1_IRQHandler              
00002391  PORT2_IRQHandler              
00002391  PORT3_IRQHandler              
00002391  PORT4_IRQHandler              
00002391  PORT5_IRQHandler              
00002391  PORT6_IRQHandler              
00002391  PSS_IRQHandler                
00002391  PendSV_Handler                
00002391  RTC_C_IRQHandler              
00002385  Reset_Handler                 
00002391  SVC_Handler                   
00002391  SysTick_Handler               
20000414  SystemCoreClock               
00001521  SystemCoreClockUpdate         
00001799  SystemInit                    
00002391  T32_INT1_IRQHandler           
00002391  T32_INT2_IRQHandler           
00002391  T32_INTC_IRQHandler           
00002391  TA0_0_IRQHandler              
00002391  TA0_N_IRQHandler              
00002391  TA1_0_IRQHandler              
00002391  TA1_N_IRQHandler              
00002391  TA2_0_IRQHandler              
00002391  TA2_N_IRQHandler              
00002391  TA3_0_IRQHandler              
00002391  TA3_N_IRQHandler              
00000ae9  UART0_init                    
00002391  UsageFault_Handler            
4000480c  WDTCTL_SYM                    
00002391  WDT_A_IRQHandler              
20010000  __STACK_END                   
00000200  __STACK_SIZE                  
00000400  __SYSMEM_SIZE                 
000025ac  __TI_CINIT_Base               
000025b4  __TI_CINIT_Limit              
000025a4  __TI_Handler_Table_Base       
000025ac  __TI_Handler_Table_Limit      
00002271  __TI_auto_init_nobinit_nopinit
000021c1  __TI_decompress_lzss          
00002377  __TI_decompress_none          
ffffffff  __TI_pprof_out_hndl           
ffffffff  __TI_prof_data_size           
ffffffff  __TI_prof_data_start          
00000000  __TI_static_base__            
00002045  __aeabi_cdcmpeq               
00002045  __aeabi_cdcmple               
000020cb  __aeabi_cdrcmple              
00002229  __aeabi_d2iz                  
0000185f  __aeabi_dadd                  
00001b65  __aeabi_ddiv                  
00001ead  __aeabi_dmul                  
00001855  __aeabi_dsub                  
00002395  __aeabi_errno_addr            
000022e9  __aeabi_i2d                   
00001fa9  __aeabi_memcpy                
00001fa9  __aeabi_memcpy4               
00001fa9  __aeabi_memcpy8               
ffffffff  __binit__                     
ffffffff  __c_args__                    
UNDEFED   __mpu_init                    
2000fe00  __stack                       
20000000  __start___llvm_prf_cnts       
20000000  __stop___llvm_prf_cnts        
000022b5  _c_int00_noargs               
20000400  _lock                         
00001a0b  _nop                          
20000000  _sys_memory                   
UNDEFED   _system_post_cinit            
000023a5  _system_pre_init              
20000404  _unlock                       
000023a9  abort                         
00001dad  aligned_alloc                 
ffffffff  binit                         
0000235d  copysign                      
0000235d  copysignl                     
20000410  errno                         
000001f5  get_totals                    
00000000  interruptVectors              
00001c9d  ldexp                         
00001c9d  ldexpl                        
000002ad  main                          
0000239d  malloc                        
00001dad  memalign                      
00001fa9  memcpy                        
000000e5  parse_input                   
00000b51  pow                           
00000b51  powl                          
00001c9d  scalbn                        
00001c9d  scalbnl                       
00001a0d  sqrt                          
00001a0d  sqrtl                         


GLOBAL SYMBOLS: SORTED BY Symbol Address 

address   name                          
-------   ----                          
00000000  __TI_static_base__            
00000000  interruptVectors              
000000e5  parse_input                   
000001f5  get_totals                    
00000200  __STACK_SIZE                  
000002ad  main                          
00000400  __SYSMEM_SIZE                 
00000ae9  UART0_init                    
00000b51  pow                           
00000b51  powl                          
00001521  SystemCoreClockUpdate         
00001799  SystemInit                    
00001855  __aeabi_dsub                  
0000185f  __aeabi_dadd                  
00001a0b  _nop                          
00001a0d  sqrt                          
00001a0d  sqrtl                         
00001b65  __aeabi_ddiv                  
00001c9d  ldexp                         
00001c9d  ldexpl                        
00001c9d  scalbn                        
00001c9d  scalbnl                       
00001dad  aligned_alloc                 
00001dad  memalign                      
00001ead  __aeabi_dmul                  
00001fa9  __aeabi_memcpy                
00001fa9  __aeabi_memcpy4               
00001fa9  __aeabi_memcpy8               
00001fa9  memcpy                        
00002045  __aeabi_cdcmpeq               
00002045  __aeabi_cdcmple               
000020cb  __aeabi_cdrcmple              
000021c1  __TI_decompress_lzss          
00002229  __aeabi_d2iz                  
00002271  __TI_auto_init_nobinit_nopinit
000022b5  _c_int00_noargs               
000022e9  __aeabi_i2d                   
0000235d  copysign                      
0000235d  copysignl                     
00002377  __TI_decompress_none          
00002385  Reset_Handler                 
00002391  ADC14_IRQHandler              
00002391  AES256_IRQHandler             
00002391  BusFault_Handler              
00002391  COMP_E0_IRQHandler            
00002391  COMP_E1_IRQHandler            
00002391  CS_IRQHandler                 
00002391  DMA_ERR_IRQHandler            
00002391  DMA_INT0_IRQHandler           
00002391  DMA_INT1_IRQHandler           
00002391  DMA_INT2_IRQHandler           
00002391  DMA_INT3_IRQHandler           
00002391  DebugMon_Handler              
00002391  Default_Handler               
00002391  EUSCIA0_IRQHandler            
00002391  EUSCIA1_IRQHandler            
00002391  EUSCIA2_IRQHandler            
00002391  EUSCIA3_IRQHandler            
00002391  EUSCIB0_IRQHandler            
00002391  EUSCIB1_IRQHandler            
00002391  EUSCIB2_IRQHandler            
00002391  EUSCIB3_IRQHandler            
00002391  FLCTL_IRQHandler              
00002391  FPU_IRQHandler                
00002391  HardFault_Handler             
00002391  MemManage_Handler             
00002391  NMI_Handler                   
00002391  PCM_IRQHandler                
00002391  PORT1_IRQHandler              
00002391  PORT2_IRQHandler              
00002391  PORT3_IRQHandler              
00002391  PORT4_IRQHandler              
00002391  PORT5_IRQHandler              
00002391  PORT6_IRQHandler              
00002391  PSS_IRQHandler                
00002391  PendSV_Handler                
00002391  RTC_C_IRQHandler              
00002391  SVC_Handler                   
00002391  SysTick_Handler               
00002391  T32_INT1_IRQHandler           
00002391  T32_INT2_IRQHandler           
00002391  T32_INTC_IRQHandler           
00002391  TA0_0_IRQHandler              
00002391  TA0_N_IRQHandler              
00002391  TA1_0_IRQHandler              
00002391  TA1_N_IRQHandler              
00002391  TA2_0_IRQHandler              
00002391  TA2_N_IRQHandler              
00002391  TA3_0_IRQHandler              
00002391  TA3_N_IRQHandler              
00002391  UsageFault_Handler            
00002391  WDT_A_IRQHandler              
00002395  __aeabi_errno_addr            
0000239d  malloc                        
000023a5  _system_pre_init              
000023a9  C$$EXIT                       
000023a9  abort                         
000025a4  __TI_Handler_Table_Base       
000025ac  __TI_CINIT_Base               
000025ac  __TI_Handler_Table_Limit      
000025b4  __TI_CINIT_Limit              
20000000  __start___llvm_prf_cnts       
20000000  __stop___llvm_prf_cnts        
20000000  _sys_memory                   
20000400  _lock                         
20000404  _unlock                       
20000410  errno                         
20000414  SystemCoreClock               
2000fe00  __stack                       
20010000  __STACK_END                   
4000480c  WDTCTL_SYM                    
ffffffff  __TI_pprof_out_hndl           
ffffffff  __TI_prof_data_size           
ffffffff  __TI_prof_data_start          
ffffffff  __binit__                     
ffffffff  __c_args__                    
ffffffff  binit                         
UNDEFED   __mpu_init                    
UNDEFED   _system_post_cinit            

[119 symbols]
